[fizzsocial.app/index.html]
[backblue.gif]
[fade.gif]
[index.html]
[framerusercontent.com/images/RMeyFmOEXnTsPM1I5L4AT3qVQw.png]
[framerusercontent.com/images/xeqG4i3hB4iX9oU6RCgXNtf9VSQ.png]
[fizzsocial.app/FAQ.html]
[fizzsocial.app/Safety.html]
[fizzsocial.app/Press.html]
[framerusercontent.com/images/ExbLojzTzGhUtAXwBgJFHuTMvkc.png]
[framerusercontent.com/images/RrQz0pSmLzIxd3jN4BOLvl2qf4.png]
[framerusercontent.com/images/UCQBDbbN0o4wBNf1OcCkcuOEFs.png]
[framerusercontent.com/images/a8BhGGpie1AXWgGWcwGrPABvU.png]
[framerusercontent.com/images/7p8UEKnb3VPsbxZKjXukTWUG4Y.png]
[framerusercontent.com/images/AStW72gAy9Ych6q1taVwtKGEro.png]
[framerusercontent.com/images/MCqvoHBK4Dm4TzW7esvzbWdJjrA.png]
[framerusercontent.com/images/q1oL5Pa5gWanokYLY15X5jSO1Ow.png]
[fizzsocial.app/index.html]
[framerusercontent.com/images/LrdwL7VVD4ckVBJdCYkEaTf9yLs.png]
[framerusercontent.com/images/b1vHKPXA9QQoG388JTdY7HoCo.png]
[framerusercontent.com/images/aTgI6NnZHqI4JaeR52amFHBA9c.png]
[fizzsocial.app/FAQ.html]
[framerusercontent.com/images/kSkuXFJvmKQdKSAs3Z1plWTkMo.jpg]
[framerusercontent.com/images/rR6HYXBrMmX4cRpXfXUOvpvpB0.png]
[fizzsocial.app/Safety.html]
[framerusercontent.com/images/G5AWxln2rnQYEFJky08q81sbz8c.png]
[framerusercontent.com/images/2QTOAvwFVJiFW9QVsZGOkUEqOcQ.png]
[framerusercontent.com/images/rREFuewDgmc3SaUZDdH7eIgy2Wc.png]
[framerusercontent.com/images/d8z1ajz1iBwbr8K3LLlL9gD6Rc.png]
[fizzsocial.app/Press.html]
